
==============================================================================
LEITURA DOS ARQUIVOS
==============================================================================
17:02:37 [INFO] Relatorio: \\SUCESSOSERVER\dados\SCAN\AARQUIVOS TRANSITÓRIOS\ALE\Automacoes\Lançamento de nota tomada no jb\Relatório e planilha\Report.pdf
17:02:37 [INFO] Planilha:  \\SUCESSOSERVER\dados\SCAN\AARQUIVOS TRANSITÓRIOS\ALE\Automacoes\Lançamento de nota tomada no jb\Relatório e planilha\SUFIXOS NOTAS SUCESSO.xlsx
17:02:40 [INFO] Notas extraidas do PDF: 162
17:02:40 [INFO] Total informado no rodape do relatorio: 162
17:02:41 [INFO] Cadastros lidos da planilha: 462 (456 nomes distintos)

==============================================================================
CONFERENCIA DAS EMPRESAS
==============================================================================
17:02:41 [PENDENCIA] NF 14922 - A&J TREINAMENTOS LTDA - empresa nao encontrada na planilha
17:02:41 [PENDENCIA] NF 14926 - ADRIANA DORNELLES SOCIEDADE INDIVIDUAL DE ADVOCACIA - empresa nao encontrada na planilha
17:02:41 [PENDENCIA] NF 14927 - ALESSANDRA MENDES LAZZARI PINTO CORDEIRO SOCIEDADE INDIVIDUAL DE ADVOCACIA - empresa nao encontrada na planilha
17:02:41 [PENDENCIA] NF 14934 - ARPEM ASSOCIACAO REGIONAL DA EMPRESA MOVELEIRA - empresa tem observacao na planilha (lancamento diferente)
17:02:41 [PENDENCIA] NF 14936 - AUTO FEIRAO DE VEICULOS - empresa nao encontrada na planilha
17:02:41 [PENDENCIA] NF 14937 - BELA VIDA COMERCIO DE CEREAIS LTDA - empresa tem observacao na planilha (lancamento diferente)
17:02:41 [PENDENCIA] NF 14944 - CINTIA MARTINS PRESTADORA DE SERVICOS ADMINISTRATIVO LTDA - empresa nao encontrada na planilha
17:02:41 [PENDENCIA] NF 14948 - COMERCIO E REPRES. KATZER LTDA - empresa nao encontrada na planilha
17:02:41 [PENDENCIA] NF 14957 - DOMO TELHAS E COBERTURAS LTDA - empresa nao encontrada na planilha
17:02:41 [PENDENCIA] NF 14966 - FLEXSIV INDUSTRIA, COMERCIO, EXPORTACAO E IMPORTACAO DE PRODUTOS MEDICOS E ODONTOLOGICOS LTDA - empresa nao encontrada na planilha
17:02:41 [PENDENCIA] NF 14971 - GIRARDI &AMP FOLETTO COMERCIO DE ALIMENTOS LTDA - empresa nao encontrada na planilha
17:02:41 [PENDENCIA] NF 14987 - JG SUL TRANSPORTES LTDA - empresa tem observacao na planilha (lancamento diferente)
17:02:41 [PENDENCIA] NF 14993 - KONTOR ACOS LTDA - empresa tem observacao na planilha (lancamento diferente)
17:02:41 [PENDENCIA] NF 14994 - KONTOR DISTRIBUIÇÃO LTDA - empresa tem observacao na planilha (lancamento diferente)
17:02:41 [PENDENCIA] NF 14996 - LABOR & VIDA SEGURANÇA E MEDICINA DO TRABALHO LTDA - empresa nao encontrada na planilha
17:02:41 [PENDENCIA] NF 14998 - L.E COMERCIO DE DOCES EM GERAL LTDA - empresa nao encontrada na planilha
17:02:41 [PENDENCIA] NF 14999 - LYEB SERVICOS LTDA - empresa nao encontrada na planilha
17:02:41 [PENDENCIA] NF 15001 - LUXORCARBON JETVANS LTDA - empresa nao encontrada na planilha
17:02:41 [PENDENCIA] NF 15004 - MAHT ADMINISTRADORA DE BENS LTDA - empresa nao encontrada na planilha
17:02:41 [PENDENCIA] NF 15009 - METALARTES OXFORD INDUSTRIA E COMERCIO LTDA - empresa nao encontrada na planilha
17:02:41 [PENDENCIA] NF 15011 - MMCITE BR INDUSTRIA E COMERCIO DE MOBILIARIO URBANO LTDA - empresa tem observacao na planilha (lancamento diferente)
17:02:41 [PENDENCIA] NF 15015 - MUNEX ADMINISTRADORA DE BENS LTDA. - empresa tem observacao na planilha (lancamento diferente)
17:02:41 [PENDENCIA] NF 15022 - PARAFER DISTRIBUIDORA LTDA - empresa nao encontrada na planilha
17:02:41 [PENDENCIA] NF 15027 - R3 HAUS ADMINISTRADORA DE BENS LTDA - empresa nao encontrada na planilha
17:02:41 [PENDENCIA] NF 15029 - RITUAL CERVEJARIA - empresa nao encontrada na planilha
17:02:41 [PENDENCIA] NF 15034 - SIDEN TRANSPORTES LTDA - empresa tem observacao na planilha (lancamento diferente)
17:02:41 [PENDENCIA] NF 15036 - SINDICATO DO COMÉRCIO VAREJISTA DE SÃO BENTO DO SUL - empresa nao encontrada na planilha
17:02:41 [PENDENCIA] NF 15037 - SINDICATO DAS INDUSTRIAS DA CONSTRUCAO E DO MOBILIARIO DE SAO BENTO DO SUL - empresa nao encontrada na planilha
17:02:41 [PENDENCIA] NF 15038 - SINDICATO DAS INDUSTRIAS DA CONSTRUCAO E DO MOBILIARIO DE SAO BENTO DO SUL - empresa nao encontrada na planilha
17:02:41 [PENDENCIA] NF 15044 - TRANSPORTES CARNEIRO LTDA - ME - empresa nao encontrada na planilha
17:02:41 [PENDENCIA] NF 15046 - VDC TRANSPORTES LTDA - empresa nao encontrada na planilha
17:02:41 [PENDENCIA] NF 15052 - CONFEITARIA LUCILIA LTDA - empresa nao encontrada na planilha
17:02:41 [PENDENCIA] NF 15056 - MERCANTIL RAOLI COMÉRCIO E REPRESENTAÇÕES LTDA - empresa nao encontrada na planilha
17:02:41 [PENDENCIA] NF 15057 - TANIA ANDREA CEJAS SOUZA - empresa nao encontrada na planilha
17:02:41 [PENDENCIA] NF 15064 - EXPRESSO M & M LTDA - empresa tem observacao na planilha (lancamento diferente)
17:02:41 [PENDENCIA] NF 15073 - NEO ADMINISTRADORA DE BENS LTDA - empresa nao encontrada na planilha
17:02:41 [PENDENCIA] NF 15075 - RV INDUSTRIA DE COLCHOES E MOVEIS LTDA - empresa tem observacao na planilha (lancamento diferente)
17:02:41 [PENDENCIA] NF 15082 - STOKTUBOS REPRESENTAÇÕES COMERCIAIS LTDA - empresa nao encontrada na planilha
17:02:41 [INFO] 
17:02:41 [INFO] Prontas para lancar : 124
17:02:41 [INFO] Pendencias          : 38
17:02:41 [INFO] Total no relatorio  : 162
17:02:41 [AVISO] MODO TESTE: apenas as 1 primeiras notas serao lancadas

==============================================================================
PLANO DE LANCAMENTO
==============================================================================

==============================================================================
ANTES DE CONFIRMAR
==============================================================================
17:02:47 [INFO] Ancoras carregadas: campo_pacote, codigo_produto, digitacao_servicos, duplicatas, pesquisa_cfop, pesquisa_empresa
17:02:48 [INFO] Janela do JB em foco: 'Pesquisa de Empresas/Estabelecimentos'

==============================================================================
EXECUCAO
==============================================================================
17:02:48 [INFO] --- 1/1 ---
17:02:48 [INFO]       Codigo da empresa: 648
17:02:49 [INFO]       Estabelecimento: 1
17:02:51 [INFO]       Pacote (config. de mes): 3000
17:02:53 [INFO]       Data final da contabilidade: 31082026
17:02:55 [INFO]       Mes contabil configurado ate 31082026
17:03:01 [INFO]       Modelo: 04
17:03:01 [INFO]       Serie: 1
17:03:02 [INFO]       Numero da nota: 14921
17:03:05 [INFO]       Data de emissao: 17082026
17:03:08 [INFO]       Fornecedor (CNPJ Sucessocont): 27969182000160
17:03:09 [INFO]       Valor contabil: 585,00
17:03:12 [AVISO] A janela 'Pesquisa de CFOP's' abriu sozinha (o campo CFOP recebeu um Enter vazio). Fechando com Esc...
17:03:14 [INFO]       Pesquisa de CFOP's fechada, seguindo normalmente.
17:03:14 [INFO]       CFOP: 1933
17:03:14 [PENDENCIA] NF 14921 - 3M INCORPORADORA LTDA - exige codigo de produto (nao suportado)
17:03:16 [INFO]       NF 14921 pulada - retornou para Pesquisa de Empresas

==============================================================================
CONCLUIDO
==============================================================================
17:03:16 [INFO] Notas lancadas com sucesso: 0
17:03:16 [INFO] Notas puladas (codigo de produto): 1
17:03:16 [INFO] Notas pendentes (manuais):  39
