
==============================================================================
LEITURA DOS ARQUIVOS
==============================================================================
18:21:45 [INFO] Relatorio: \\SUCESSOSERVER\dados\SCAN\AARQUIVOS TRANSITÓRIOS\ALE\Automacoes\Lançamento de nota tomada no jb\Relatório e planilha\Report.pdf
18:21:45 [INFO] Planilha:  \\SUCESSOSERVER\dados\SCAN\AARQUIVOS TRANSITÓRIOS\ALE\Automacoes\Lançamento de nota tomada no jb\Relatório e planilha\SUFIXOS NOTAS SUCESSO.xlsx
18:21:48 [INFO] Notas extraidas do PDF: 162
18:21:48 [INFO] Total informado no rodape do relatorio: 162
18:21:49 [INFO] Cadastros lidos da planilha: 462 (456 nomes distintos)

==============================================================================
CONFERENCIA DAS EMPRESAS
==============================================================================
18:21:49 [PENDENCIA] NF 14922 - A&J TREINAMENTOS LTDA - empresa nao encontrada na planilha
18:21:49 [PENDENCIA] NF 14926 - ADRIANA DORNELLES SOCIEDADE INDIVIDUAL DE ADVOCACIA - empresa nao encontrada na planilha
18:21:49 [PENDENCIA] NF 14927 - ALESSANDRA MENDES LAZZARI PINTO CORDEIRO SOCIEDADE INDIVIDUAL DE ADVOCACIA - empresa nao encontrada na planilha
18:21:49 [PENDENCIA] NF 14934 - ARPEM ASSOCIACAO REGIONAL DA EMPRESA MOVELEIRA - empresa tem observacao na planilha (lancamento diferente)
18:21:49 [PENDENCIA] NF 14936 - AUTO FEIRAO DE VEICULOS - empresa nao encontrada na planilha
18:21:49 [PENDENCIA] NF 14937 - BELA VIDA COMERCIO DE CEREAIS LTDA - empresa tem observacao na planilha (lancamento diferente)
18:21:49 [PENDENCIA] NF 14944 - CINTIA MARTINS PRESTADORA DE SERVICOS ADMINISTRATIVO LTDA - empresa nao encontrada na planilha
18:21:49 [PENDENCIA] NF 14948 - COMERCIO E REPRES. KATZER LTDA - empresa nao encontrada na planilha
18:21:49 [PENDENCIA] NF 14957 - DOMO TELHAS E COBERTURAS LTDA - empresa nao encontrada na planilha
18:21:49 [PENDENCIA] NF 14966 - FLEXSIV INDUSTRIA, COMERCIO, EXPORTACAO E IMPORTACAO DE PRODUTOS MEDICOS E ODONTOLOGICOS LTDA - empresa nao encontrada na planilha
18:21:49 [PENDENCIA] NF 14971 - GIRARDI &AMP FOLETTO COMERCIO DE ALIMENTOS LTDA - empresa nao encontrada na planilha
18:21:49 [PENDENCIA] NF 14987 - JG SUL TRANSPORTES LTDA - empresa tem observacao na planilha (lancamento diferente)
18:21:49 [PENDENCIA] NF 14993 - KONTOR ACOS LTDA - empresa tem observacao na planilha (lancamento diferente)
18:21:49 [PENDENCIA] NF 14994 - KONTOR DISTRIBUIÇÃO LTDA - empresa tem observacao na planilha (lancamento diferente)
18:21:49 [PENDENCIA] NF 14996 - LABOR & VIDA SEGURANÇA E MEDICINA DO TRABALHO LTDA - empresa nao encontrada na planilha
18:21:49 [PENDENCIA] NF 14998 - L.E COMERCIO DE DOCES EM GERAL LTDA - empresa nao encontrada na planilha
18:21:49 [PENDENCIA] NF 14999 - LYEB SERVICOS LTDA - empresa nao encontrada na planilha
18:21:49 [PENDENCIA] NF 15001 - LUXORCARBON JETVANS LTDA - empresa nao encontrada na planilha
18:21:49 [PENDENCIA] NF 15004 - MAHT ADMINISTRADORA DE BENS LTDA - empresa nao encontrada na planilha
18:21:49 [PENDENCIA] NF 15009 - METALARTES OXFORD INDUSTRIA E COMERCIO LTDA - empresa nao encontrada na planilha
18:21:49 [PENDENCIA] NF 15011 - MMCITE BR INDUSTRIA E COMERCIO DE MOBILIARIO URBANO LTDA - empresa tem observacao na planilha (lancamento diferente)
18:21:49 [PENDENCIA] NF 15015 - MUNEX ADMINISTRADORA DE BENS LTDA. - empresa tem observacao na planilha (lancamento diferente)
18:21:49 [PENDENCIA] NF 15022 - PARAFER DISTRIBUIDORA LTDA - empresa nao encontrada na planilha
18:21:49 [PENDENCIA] NF 15027 - R3 HAUS ADMINISTRADORA DE BENS LTDA - empresa nao encontrada na planilha
18:21:49 [PENDENCIA] NF 15029 - RITUAL CERVEJARIA - empresa nao encontrada na planilha
18:21:49 [PENDENCIA] NF 15034 - SIDEN TRANSPORTES LTDA - empresa tem observacao na planilha (lancamento diferente)
18:21:49 [PENDENCIA] NF 15036 - SINDICATO DO COMÉRCIO VAREJISTA DE SÃO BENTO DO SUL - empresa nao encontrada na planilha
18:21:49 [PENDENCIA] NF 15037 - SINDICATO DAS INDUSTRIAS DA CONSTRUCAO E DO MOBILIARIO DE SAO BENTO DO SUL - empresa nao encontrada na planilha
18:21:49 [PENDENCIA] NF 15038 - SINDICATO DAS INDUSTRIAS DA CONSTRUCAO E DO MOBILIARIO DE SAO BENTO DO SUL - empresa nao encontrada na planilha
18:21:49 [PENDENCIA] NF 15044 - TRANSPORTES CARNEIRO LTDA - ME - empresa nao encontrada na planilha
18:21:49 [PENDENCIA] NF 15046 - VDC TRANSPORTES LTDA - empresa nao encontrada na planilha
18:21:49 [PENDENCIA] NF 15052 - CONFEITARIA LUCILIA LTDA - empresa nao encontrada na planilha
18:21:49 [PENDENCIA] NF 15056 - MERCANTIL RAOLI COMÉRCIO E REPRESENTAÇÕES LTDA - empresa nao encontrada na planilha
18:21:49 [PENDENCIA] NF 15057 - TANIA ANDREA CEJAS SOUZA - empresa nao encontrada na planilha
18:21:49 [PENDENCIA] NF 15064 - EXPRESSO M & M LTDA - empresa tem observacao na planilha (lancamento diferente)
18:21:49 [PENDENCIA] NF 15073 - NEO ADMINISTRADORA DE BENS LTDA - empresa nao encontrada na planilha
18:21:49 [PENDENCIA] NF 15075 - RV INDUSTRIA DE COLCHOES E MOVEIS LTDA - empresa tem observacao na planilha (lancamento diferente)
18:21:49 [PENDENCIA] NF 15082 - STOKTUBOS REPRESENTAÇÕES COMERCIAIS LTDA - empresa nao encontrada na planilha
18:21:49 [INFO] 
18:21:49 [INFO] Prontas para lancar : 124
18:21:49 [INFO] Pendencias          : 38
18:21:49 [INFO] Total no relatorio  : 162

==============================================================================
PLANO DE LANCAMENTO
==============================================================================

==============================================================================
ANTES DE CONFIRMAR
==============================================================================
18:23:07 [INFO] Ancoras carregadas: campo_pacote, digitacao_servicos, duplicatas, pesquisa_empresa
18:23:08 [INFO] Janela do JB em foco: 'Título do Splash'

==============================================================================
EXECUCAO
==============================================================================
18:23:08 [INFO] --- 1/124 ---
18:23:16 [AVISO] Nao consegui avaliar a ancora 'pesquisa_empresa': 
18:23:27 [AVISO] O foco caiu no console ('Windows PowerShell'). Clique de volta na janela do JB Cepil, ou aperte Esc no console se ele estiver em modo 'Selecionar'.

==============================================================================
PARADA DE SEGURANCA
==============================================================================
18:23:38 [ERRO] Tela inesperada na etapa: NF 14921 - abrir pacote 3103
  Esperava uma janela contendo: 'Suite de aplicações da JB Software'
  Janela ativa no momento:      'Windows PowerShell'
  O foco esta no console/terminal, nao no JB Cepil. Se o console entrou em modo 'Selecionar', isso trava o teclado ate apertar Esc - considere desativar o 'Modo de Selecao Rapida' nas propriedades do console.
18:23:38 [ERRO] Notas lancadas antes de parar: 0
18:23:38 [ERRO] Parou na nota: NF 14921 - 3M INCORPORADORA LTDA
18:23:38 [ERRO] Print da tela salvo em: \\SUCESSOSERVER\dados\SCAN\AARQUIVOS TRANSITÓRIOS\ALE\Automacoes\Lançamento de nota tomada no jb\Relatório e planilha\logs\erro_nf14921_20260817_182338.png
18:23:38 [ERRO] Confira o JB Cepil antes de rodar de novo - a ultima nota pode ter ficado pela metade.
